DateTime:2026-08-27 17:38:00.556:QPixmap::scaled: Pixmap is a null pixmap                            File: Line:0 Function: Type:Warning:
DateTime:2026-08-27 17:38:00.598:QPixmap::scaled: Pixmap is a null pixmap                            File: Line:0 Function: Type:Warning:
DateTime:2026-08-27 17:38:00.606:QPixmap::scaled: Pixmap is a null pixmap                            File: Line:0 Function: Type:Warning:
DateTime:2026-08-27 17:38:00.614:QPixmap::scaled: Pixmap is a null pixmap                            File: Line:0 Function: Type:Warning:
DateTime:2026-08-27 17:38:00.703:数据库建立表格 "CREATE TABLE TIME_PASS_RATE ('时间' TEXT,'类型' TEXT,'总数量' TEXT,'直通数量' TEXT,'直通率' TEXT,PRIMARY KEY('时间','类型'));"                            File: Line:0 Function: Type:Debug:
DateTime:2026-08-27 17:38:00.710:QSqlError("1", "Unable to execute statement", "table TIME_PASS_RATE already exists")                            File: Line:0 Function: Type:Debug:
DateTime:2026-08-27 17:38:00.716:"CREATE TRIGGER limitNum  AFTER INSERT ON DATA_SAVE WHEN (SELECT COUNT( * ) FROM DATA_SAVE ) > 10000 BEGIN DELETE FROM DATA_SAVE WHERE 时间 in (SELECT 时间 FROM DATA_SAVE ORDER BY 时间); END;"                            File: Line:0 Function: Type:Debug:
DateTime:2026-08-27 17:38:00.722:QSqlError("1", "Unable to execute statement", "no such table: main.DATA_SAVE")                            File: Line:0 Function: Type:Debug:
DateTime:2026-08-27 17:38:00.729:"SELECT id, round_id, meter_index, product, main_project, sub_project, pass, result, data, timestamp FROM TestResult ORDER BY timestamp DESC"                            File: Line:0 Function: Type:Debug:
DateTime:2026-08-27 17:38:00.758:QObject::moveToThread: Widgets cannot be moved to a new thread                            File: Line:0 Function: Type:Warning:
DateTime:2026-08-27 17:38:00.787:QMetaObject::connectSlotsByName: No matching signal for on_cb_isTestIai_stateChanged(int)                            File: Line:0 Function: Type:Warning:
DateTime:2026-08-27 17:38:00.797:数据库建立表格 "CREATE TABLE TASK_LIST ('状态' TEXT,'任务号' TEXT,'任务优先级' TEXT,'任务类型' TEXT,'设备类别' TEXT,'样品数量' TEXT,'试验方案编号' TEXT,'复测标识' TEXT,'复测项目' TEXT,'试验方案名称' TEXT,'试验方案更新时间' TEXT,'样品条码' TEXT,PRIMARY KEY('任务号'));"                            File: Line:0 Function: Type:Debug:
DateTime:2026-08-27 17:38:00.803:QSqlError("1", "Unable to execute statement", "table TASK_LIST already exists")                            File: Line:0 Function: Type:Debug:
DateTime:2026-08-27 17:38:00.809:数据库建立表格 "CREATE TABLE TASK_CONTROL ('状态' TEXT,'任务号' TEXT,'控制时间' TEXT,'设备编号' TEXT,'任务控制指令类型' TEXT,'控制详情' TEXT,'试验项目编码' TEXT,'唯一标识' TEXT,PRIMARY KEY('唯一标识'));"                            File: Line:0 Function: Type:Debug:
DateTime:2026-08-27 17:38:00.814:QSqlError("1", "Unable to execute statement", "table TASK_CONTROL already exists")                            File: Line:0 Function: Type:Debug:
DateTime:2026-08-27 17:38:00.820:数据库建立表格 "CREATE TABLE SYSTEM_CONTROL ('设备编号' TEXT,'控制时间' TEXT,'系统控制指令类型' TEXT,'唯一标识' TEXT,PRIMARY KEY('唯一标识'));"                            File: Line:0 Function: Type:Debug:
DateTime:2026-08-27 17:38:00.826:QSqlError("1", "Unable to execute statement", "table SYSTEM_CONTROL already exists")                            File: Line:0 Function: Type:Debug:
DateTime:2026-08-27 17:38:00.834:UploadControl初始化成功                            File: Line:0 Function: Type:Debug:
DateTime:2026-08-27 17:38:00.850:显示控制中心                            File: Line:0 Function: Type:Debug:
DateTime:2026-08-27 17:38:01.038:"本地RocketMq生产者初始化失败,连接前置机127.0.0.1:9093失败,请检查"                            File: Line:0 Function: Type:Debug:
DateTime:2026-08-27 17:38:01.340:HttpListener: Listening on port 11234                            File: Line:0 Function: Type:Debug:
DateTime:2026-08-27 17:38:01.346:web服务器开启成功                            File: Line:0 Function: Type:Debug:
DateTime:2026-08-27 17:38:01.352:工况:8.1上报开机事件                            File: Line:0 Function: Type:Debug:
DateTime:2026-08-27 17:38:01.412:"RocketMq上报工况(设备事件):{\"devSeatStatusList\":[],\"eventTime\":\"2026-08-27 17:38:01\",\"plantEventType\":\"0101\",\"plantNo\":\"YL-101601\",\"taskNo\":\"\",\"veriItemParaNo\":\"\"}"                            File: Line:0 Function: Type:Debug:
DateTime:2026-08-27 17:38:01.418:QAbstractSocket::waitForDisconnected() is not allowed in UnconnectedState                            File: Line:0 Function: Type:Warning:
DateTime:2026-08-27 17:38:01.851:工况:8.9上报主控程序通电开机检查结果                            File: Line:0 Function: Type:Debug:
DateTime:2026-08-27 17:38:01.984:"RocketMq上报工况(开机检查结果):{\"checkConc\":\"01\",\"checkData\":\"启动成功\",\"detectSn\":\"1\",\"finishTime\":\"2026-08-27 17:38:01\",\"itemName\":\"主控程序通电\",\"itemNo\":\"0203\",\"itemType\":\"02\",\"plantNo\":\"YL-101601\",\"plantWarnList\":[],\"startTime\":\"2026-08-27 17:38:01\"}"                            File: Line:0 Function: Type:Debug:
DateTime:2026-08-27 17:38:01.990:QAbstractSocket::waitForDisconnected() is not allowed in UnconnectedState                            File: Line:0 Function: Type:Warning:
DateTime:2026-08-27 17:38:02.351:工况:8.1上报开始预热事件                            File: Line:0 Function: Type:Debug:
DateTime:2026-08-27 17:38:02.552:"RocketMq上报工况(设备事件):{\"devSeatStatusList\":[],\"eventTime\":\"2026-08-27 17:38:02\",\"plantEventType\":\"0103\",\"plantNo\":\"YL-101601\",\"taskNo\":\"\",\"veriItemParaNo\":\"\"}"                            File: Line:0 Function: Type:Debug:
DateTime:2026-08-27 17:38:02.558:QAbstractSocket::waitForDisconnected() is not allowed in UnconnectedState                            File: Line:0 Function: Type:Warning:
DateTime:2026-08-27 17:38:02.844:工况:8.3设置工作状态为预热                            File: Line:0 Function: Type:Debug:
DateTime:2026-08-27 17:38:03.124:"RocketMq上报工况(设备工作状态信息):{\"curWkStatusCode\":\"01\",\"plantNo\":\"YL-101601\",\"previousState\":\"03\",\"receiveTime\":\"2026-08-27 17:38:02\",\"startTime\":\"2026-08-27 17:38:02\"}"                            File: Line:0 Function: Type:Debug:
DateTime:2026-08-27 17:38:03.130:QAbstractSocket::waitForDisconnected() is not allowed in UnconnectedState                            File: Line:0 Function: Type:Warning:
DateTime:2026-08-27 17:38:03.344:工况:8.1上报结束预热事件                            File: Line:0 Function: Type:Debug:
DateTime:2026-08-27 17:38:03.692:"RocketMq上报工况(设备事件):{\"devSeatStatusList\":[],\"eventTime\":\"2026-08-27 17:38:03\",\"plantEventType\":\"0104\",\"plantNo\":\"YL-101601\",\"taskNo\":\"\",\"veriItemParaNo\":\"\"}"                            File: Line:0 Function: Type:Debug:
DateTime:2026-08-27 17:38:03.698:QAbstractSocket::waitForDisconnected() is not allowed in UnconnectedState                            File: Line:0 Function: Type:Warning:
DateTime:2026-08-27 17:38:03.844:工况:8.3设置工作状态为空闲                            File: Line:0 Function: Type:Debug:
DateTime:2026-08-27 17:38:04.266:"RocketMq上报工况(设备工作状态信息):{\"curWkStatusCode\":\"02\",\"plantNo\":\"YL-101601\",\"previousState\":\"01\",\"receiveTime\":\"2026-08-27 17:38:03\",\"startTime\":\"2026-08-27 17:38:03\"}"                            File: Line:0 Function: Type:Debug:
DateTime:2026-08-27 17:38:04.272:QAbstractSocket::waitForDisconnected() is not allowed in UnconnectedState                            File: Line:0 Function: Type:Warning:
DateTime:2026-08-27 17:38:04.832:"RocketMq上报工况(日志信息):{\"logInfo\":\"系统初始化完成\",\"logTime\":\"2026-08-27 17:38:04\",\"machNo\":\"\",\"plantNo\":\"YL-101601\"}"                            File: Line:0 Function: Type:Debug:
DateTime:2026-08-27 17:38:04.838:QAbstractSocket::waitForDisconnected() is not allowed in UnconnectedState                            File: Line:0 Function: Type:Warning:
DateTime:2026-08-27 17:38:28.109:显示工控平台                            File: Line:0 Function: Type:Debug:
DateTime:2026-08-27 17:39:19.813:"http://25.86.165.82:30022//Restful/gkReciveVeriSchemeInfo"                            File: Line:0 Function: Type:Debug:
DateTime:2026-08-27 17:39:19.823:"postSend: path:/Restful/gkReciveVeriSchemeInfo,send:{\"schemeNo\":\"2026020202\"}"                            File: Line:0 Function: Type:Debug:
DateTime:2026-08-27 17:39:19.831:------------------------------------                            File: Line:0 Function: Type:Debug:
DateTime:2026-08-27 17:39:19.838:"postSend: path:/Restful/gkReciveVeriSchemeInfo,send:{\"schemeNo\":\"2026020202\"}"                            File: Line:0 Function: Type:Debug:
DateTime:2026-08-27 17:39:19.970:"postReply: path:/Restful/gkReciveVeriSchemeInfo,reply:{\n  \"schemeList\" : [ {\n    \"itemName\" : \"互联互通互操作性试验\",\n    \"itemCode\" : \"0803\",\n    \"paraValue\" : \"0||0|模块信息核对测试||;1||1|初始化命令类检测||;2||2|透明转发类命令检测||;3||3|数据转发类命令检测||;4||4|查询数据类命令检测||;5||5|控制类命令-主节点地址检测||;6||6|控制类命令-从节点主动注册检测||;7||7|控制类命令-模块通信协议模式转换检测||;8||8|控制类命令-本地通信模块串口通信速率协商检测||;9||9|扩展协议数据转发检测||;10||10|预告任务检测||;11||11|智能补采检测||;12||12|定时任务流程测试||;13||13|通用冻结数据检测||;14||14|网口通信检测||;15||15|点抄成功率及数据准确性测试||;16||16|点抄流程测试||;17||17|广播流程测试||;18||18|频段切换测试||;19||19|搜表功能测试||;20||20|停复电事件上报测试||;21||21|相位识别测试||;22||22|一般事件上报测试||;23||23|异常报文测试||;24||24|远程升级测试||;25||25|长报文测试||;26||26|事件上报测试||;27||27|长报文上报测试||;28||28|功耗检测||;29||29|入离网上报测试||;30||30|台区识别测试||;31||31|温度检测||\",\n    \"paraType\" : \"sn|TEST_CATEGORIES|VERI_POINT_NO|PARAM|PARAM_IT_S|TECHNICAL_REQUIRE\",\n    \"paraName\" : \"序号|试验项编号|检测点编号|试验参数|参数分项|执行试验的技术要求\"\n  } ],\n  \"errorInfo\" : \"服务请求成功\",\n  \"resultFlag\" : \"1\"\n}"                            File: Line:0 Function: Type:Debug:
DateTime:2026-08-27 17:39:19.992:"postReply: path:/Restful/gkReciveVeriSchemeInfo,reply:{\n  \"schemeList\" : [ {\n    \"itemName\" : \"互联互通互操作性试验\",\n    \"itemCode\" : \"0803\",\n    \"paraValue\" : \"0||0|模块信息核对测试||;1||1|初始化命令类检测||;2||2|透明转发类命令检测||;3||3|数据转发类命令检测||;4||4|查询数据类命令检测||;5||5|控制类命令-主节点地址检测||;6||6|控制类命令-从节点主动注册检测||;7||7|控制类命令-模块通信协议模式转换检测||;8||8|控制类命令-本地通信模块串口通信速率协商检测||;9||9|扩展协议数据转发检测||;10||10|预告任务检测||;11||11|智能补采检测||;12||12|定时任务流程测试||;13||13|通用冻结数据检测||;14||14|网口通信检测||;15||15|点抄成功率及数据准确性测试||;16||16|点抄流程测试||;17||17|广播流程测试||;18||18|频段切换测试||;19||19|搜表功能测试||;20||20|停复电事件上报测试||;21||21|相位识别测试||;22||22|一般事件上报测试||;23||23|异常报文测试||;24||24|远程升级测试||;25||25|长报文测试||;26||26|事件上报测试||;27||27|长报文上报测试||;28||28|功耗检测||;29||29|入离网上报测试||;30||30|台区识别测试||;31||31|温度检测||\",\n    \"paraType\" : \"sn|TEST_CATEGORIES|VERI_POINT_NO|PARAM|PARAM_IT_S|TECHNICAL_REQUIRE\",\n    \"paraName\" : \"序号|试验项编号|检测点编号|试验参数|参数分项|执行试验的技术要求\"\n  } ],\n  \"errorInfo\" : \"服务请求成功\",\n  \"resultFlag\" : \"1\"\n}"                            File: Line:0 Function: Type:Debug:
DateTime:2026-08-27 17:39:20.003:------------------------------------                            File: Line:0 Function: Type:Debug:
DateTime:2026-08-27 17:39:20.013:"http://25.86.165.82:30022//Restful/gkReciveVeriEquipDoc"                            File: Line:0 Function: Type:Debug:
DateTime:2026-08-27 17:39:20.021:"postSend: path:/Restful/gkReciveVeriEquipDoc,send:{\"barCode\":\"3530054005400202251135\",\"sysNo\":\"YL-101601\",\"taskNo\":\"202662391411896\"}"                            File: Line:0 Function: Type:Debug:
DateTime:2026-08-27 17:39:20.027:------------------------------------                            File: Line:0 Function: Type:Debug:
DateTime:2026-08-27 17:39:20.034:"postSend: path:/Restful/gkReciveVeriEquipDoc,send:{\"barCode\":\"3530054005400202251135\",\"sysNo\":\"YL-101601\",\"taskNo\":\"202662391411896\"}"                            File: Line:0 Function: Type:Debug:
DateTime:2026-08-27 17:39:20.177:"postReply: path:/Restful/gkReciveVeriEquipDoc,reply:{\n  \"errorInfo\" : \"成功\",\n  \"resultFlag\" : \"1\",\n  \"equipInfoList\" : [ {\n    \"conMode\" : null,\n    \"devType\" : null,\n    \"carrierFreq\" : null,\n    \"rpConstant\" : null,\n    \"manufacturerName\" : null,\n    \"bidBatchNo\" : null,\n    \"freq\" : null,\n    \"carrierType\" : null,\n    \"equipCateg\" : null,\n    \"wiringMode\" : null,\n    \"barCode\" : \"3530054005400202251135\",\n    \"sampleName\" : \"通信单元\",\n    \"apPreLevel\" : null,\n    \"apConstant\" : null,\n    \"taskNo\" : \"202662391411896\",\n    \"vacStandard\" : null,\n    \"sampleModel\" : \"SC3202H\",\n    \"commProt\" : null,\n    \"bothWayPowerFlag\" : null,\n    \"rpPreLevel\" : null,\n    \"carrierChipManufName\" : null\n  } ]\n}"                            File: Line:0 Function: Type:Debug:
DateTime:2026-08-27 17:39:20.189:"postReply: path:/Restful/gkReciveVeriEquipDoc,reply:{\n  \"errorInfo\" : \"成功\",\n  \"resultFlag\" : \"1\",\n  \"equipInfoList\" : [ {\n    \"conMode\" : null,\n    \"devType\" : null,\n    \"carrierFreq\" : null,\n    \"rpConstant\" : null,\n    \"manufacturerName\" : null,\n    \"bidBatchNo\" : null,\n    \"freq\" : null,\n    \"carrierType\" : null,\n    \"equipCateg\" : null,\n    \"wiringMode\" : null,\n    \"barCode\" : \"3530054005400202251135\",\n    \"sampleName\" : \"通信单元\",\n    \"apPreLevel\" : null,\n    \"apConstant\" : null,\n    \"taskNo\" : \"202662391411896\",\n    \"vacStandard\" : null,\n    \"sampleModel\" : \"SC3202H\",\n    \"commProt\" : null,\n    \"bothWayPowerFlag\" : null,\n    \"rpPreLevel\" : null,\n    \"carrierChipManufName\" : null\n  } ]\n}"                            File: Line:0 Function: Type:Debug:
DateTime:2026-08-27 17:39:20.196:------------------------------------                            File: Line:0 Function: Type:Debug:
DateTime:2026-08-27 17:39:20.204:"http://25.86.165.82:30022//Restful/gkReciveVeriEquipDoc"                            File: Line:0 Function: Type:Debug:
DateTime:2026-08-27 17:39:20.211:"postSend: path:/Restful/gkReciveVeriEquipDoc,send:{\"barCode\":\"3530054005400273957424\",\"sysNo\":\"YL-101601\",\"taskNo\":\"202662391411896\"}"                            File: Line:0 Function: Type:Debug:
DateTime:2026-08-27 17:39:20.217:------------------------------------                            File: Line:0 Function: Type:Debug:
DateTime:2026-08-27 17:39:20.224:"postSend: path:/Restful/gkReciveVeriEquipDoc,send:{\"barCode\":\"3530054005400273957424\",\"sysNo\":\"YL-101601\",\"taskNo\":\"202662391411896\"}"                            File: Line:0 Function: Type:Debug:
DateTime:2026-08-27 17:39:20.373:"postReply: path:/Restful/gkReciveVeriEquipDoc,reply:{\n  \"errorInfo\" : \"成功\",\n  \"resultFlag\" : \"1\",\n  \"equipInfoList\" : [ {\n    \"conMode\" : null,\n    \"devType\" : null,\n    \"carrierFreq\" : null,\n    \"rpConstant\" : null,\n    \"manufacturerName\" : null,\n    \"bidBatchNo\" : null,\n    \"freq\" : null,\n    \"carrierType\" : null,\n    \"equipCateg\" : null,\n    \"wiringMode\" : null,\n    \"barCode\" : \"3530054005400273957424\",\n    \"sampleName\" : \"通信单元\",\n    \"apPreLevel\" : null,\n    \"apConstant\" : null,\n    \"taskNo\" : \"202662391411896\",\n    \"vacStandard\" : null,\n    \"sampleModel\" : \"SC3202H\",\n    \"commProt\" : null,\n    \"bothWayPowerFlag\" : null,\n    \"rpPreLevel\" : null,\n    \"carrierChipManufName\" : null\n  } ]\n}"                            File: Line:0 Function: Type:Debug:
DateTime:2026-08-27 17:39:20.383:"postReply: path:/Restful/gkReciveVeriEquipDoc,reply:{\n  \"errorInfo\" : \"成功\",\n  \"resultFlag\" : \"1\",\n  \"equipInfoList\" : [ {\n    \"conMode\" : null,\n    \"devType\" : null,\n    \"carrierFreq\" : null,\n    \"rpConstant\" : null,\n    \"manufacturerName\" : null,\n    \"bidBatchNo\" : null,\n    \"freq\" : null,\n    \"carrierType\" : null,\n    \"equipCateg\" : null,\n    \"wiringMode\" : null,\n    \"barCode\" : \"3530054005400273957424\",\n    \"sampleName\" : \"通信单元\",\n    \"apPreLevel\" : null,\n    \"apConstant\" : null,\n    \"taskNo\" : \"202662391411896\",\n    \"vacStandard\" : null,\n    \"sampleModel\" : \"SC3202H\",\n    \"commProt\" : null,\n    \"bothWayPowerFlag\" : null,\n    \"rpPreLevel\" : null,\n    \"carrierChipManufName\" : null\n  } ]\n}"                            File: Line:0 Function: Type:Debug:
DateTime:2026-08-27 17:39:20.390:------------------------------------                            File: Line:0 Function: Type:Debug:
DateTime:2026-08-27 17:39:20.397:"任务202662391411896,方案详情获取成功,\n任务202662391411896,资产信息获取成功,"                            File: Line:0 Function: Type:Debug:
DateTime:2026-08-27 17:39:51.295:"http://25.86.165.82:30022//Restful/gkReciveVeriSchemeInfo"                            File: Line:0 Function: Type:Debug:
DateTime:2026-08-27 17:39:51.304:"postSend: path:/Restful/gkReciveVeriSchemeInfo,send:{\"schemeNo\":\"2026020202\"}"                            File: Line:0 Function: Type:Debug:
DateTime:2026-08-27 17:39:51.312:------------------------------------                            File: Line:0 Function: Type:Debug:
DateTime:2026-08-27 17:39:51.319:"postSend: path:/Restful/gkReciveVeriSchemeInfo,send:{\"schemeNo\":\"2026020202\"}"                            File: Line:0 Function: Type:Debug:
DateTime:2026-08-27 17:39:51.391:"postReply: path:/Restful/gkReciveVeriSchemeInfo,reply:{\n  \"schemeList\" : [ {\n    \"itemName\" : \"互联互通互操作性试验\",\n    \"itemCode\" : \"0803\",\n    \"paraValue\" : \"0||0|模块信息核对测试||;1||1|初始化命令类检测||;2||2|透明转发类命令检测||;3||3|数据转发类命令检测||;4||4|查询数据类命令检测||;5||5|控制类命令-主节点地址检测||;6||6|控制类命令-从节点主动注册检测||;7||7|控制类命令-模块通信协议模式转换检测||;8||8|控制类命令-本地通信模块串口通信速率协商检测||;9||9|扩展协议数据转发检测||;10||10|预告任务检测||;11||11|智能补采检测||;12||12|定时任务流程测试||;13||13|通用冻结数据检测||;14||14|网口通信检测||;15||15|点抄成功率及数据准确性测试||;16||16|点抄流程测试||;17||17|广播流程测试||;18||18|频段切换测试||;19||19|搜表功能测试||;20||20|停复电事件上报测试||;21||21|相位识别测试||;22||22|一般事件上报测试||;23||23|异常报文测试||;24||24|远程升级测试||;25||25|长报文测试||;26||26|事件上报测试||;27||27|长报文上报测试||;28||28|功耗检测||;29||29|入离网上报测试||;30||30|台区识别测试||;31||31|温度检测||\",\n    \"paraType\" : \"sn|TEST_CATEGORIES|VERI_POINT_NO|PARAM|PARAM_IT_S|TECHNICAL_REQUIRE\",\n    \"paraName\" : \"序号|试验项编号|检测点编号|试验参数|参数分项|执行试验的技术要求\"\n  } ],\n  \"errorInfo\" : \"服务请求成功\",\n  \"resultFlag\" : \"1\"\n}"                            File: Line:0 Function: Type:Debug:
DateTime:2026-08-27 17:39:51.405:"postReply: path:/Restful/gkReciveVeriSchemeInfo,reply:{\n  \"schemeList\" : [ {\n    \"itemName\" : \"互联互通互操作性试验\",\n    \"itemCode\" : \"0803\",\n    \"paraValue\" : \"0||0|模块信息核对测试||;1||1|初始化命令类检测||;2||2|透明转发类命令检测||;3||3|数据转发类命令检测||;4||4|查询数据类命令检测||;5||5|控制类命令-主节点地址检测||;6||6|控制类命令-从节点主动注册检测||;7||7|控制类命令-模块通信协议模式转换检测||;8||8|控制类命令-本地通信模块串口通信速率协商检测||;9||9|扩展协议数据转发检测||;10||10|预告任务检测||;11||11|智能补采检测||;12||12|定时任务流程测试||;13||13|通用冻结数据检测||;14||14|网口通信检测||;15||15|点抄成功率及数据准确性测试||;16||16|点抄流程测试||;17||17|广播流程测试||;18||18|频段切换测试||;19||19|搜表功能测试||;20||20|停复电事件上报测试||;21||21|相位识别测试||;22||22|一般事件上报测试||;23||23|异常报文测试||;24||24|远程升级测试||;25||25|长报文测试||;26||26|事件上报测试||;27||27|长报文上报测试||;28||28|功耗检测||;29||29|入离网上报测试||;30||30|台区识别测试||;31||31|温度检测||\",\n    \"paraType\" : \"sn|TEST_CATEGORIES|VERI_POINT_NO|PARAM|PARAM_IT_S|TECHNICAL_REQUIRE\",\n    \"paraName\" : \"序号|试验项编号|检测点编号|试验参数|参数分项|执行试验的技术要求\"\n  } ],\n  \"errorInfo\" : \"服务请求成功\",\n  \"resultFlag\" : \"1\"\n}"                            File: Line:0 Function: Type:Debug:
DateTime:2026-08-27 17:39:51.416:------------------------------------                            File: Line:0 Function: Type:Debug:
DateTime:2026-08-27 17:39:51.425:"http://25.86.165.82:30022//Restful/gkReciveVeriEquipDoc"                            File: Line:0 Function: Type:Debug:
DateTime:2026-08-27 17:39:51.431:"postSend: path:/Restful/gkReciveVeriEquipDoc,send:{\"barCode\":\"3530054005400202251135\",\"sysNo\":\"YL-101601\",\"taskNo\":\"202662391411896\"}"                            File: Line:0 Function: Type:Debug:
DateTime:2026-08-27 17:39:51.439:------------------------------------                            File: Line:0 Function: Type:Debug:
DateTime:2026-08-27 17:39:51.445:"postSend: path:/Restful/gkReciveVeriEquipDoc,send:{\"barCode\":\"3530054005400202251135\",\"sysNo\":\"YL-101601\",\"taskNo\":\"202662391411896\"}"                            File: Line:0 Function: Type:Debug:
DateTime:2026-08-27 17:39:51.559:"postReply: path:/Restful/gkReciveVeriEquipDoc,reply:{\n  \"errorInfo\" : \"成功\",\n  \"resultFlag\" : \"1\",\n  \"equipInfoList\" : [ {\n    \"conMode\" : null,\n    \"devType\" : null,\n    \"carrierFreq\" : null,\n    \"rpConstant\" : null,\n    \"manufacturerName\" : null,\n    \"bidBatchNo\" : null,\n    \"freq\" : null,\n    \"carrierType\" : null,\n    \"equipCateg\" : null,\n    \"wiringMode\" : null,\n    \"barCode\" : \"3530054005400202251135\",\n    \"sampleName\" : \"通信单元\",\n    \"apPreLevel\" : null,\n    \"apConstant\" : null,\n    \"taskNo\" : \"202662391411896\",\n    \"vacStandard\" : null,\n    \"sampleModel\" : \"SC3202H\",\n    \"commProt\" : null,\n    \"bothWayPowerFlag\" : null,\n    \"rpPreLevel\" : null,\n    \"carrierChipManufName\" : null\n  } ]\n}"                            File: Line:0 Function: Type:Debug:
DateTime:2026-08-27 17:39:51.581:"postReply: path:/Restful/gkReciveVeriEquipDoc,reply:{\n  \"errorInfo\" : \"成功\",\n  \"resultFlag\" : \"1\",\n  \"equipInfoList\" : [ {\n    \"conMode\" : null,\n    \"devType\" : null,\n    \"carrierFreq\" : null,\n    \"rpConstant\" : null,\n    \"manufacturerName\" : null,\n    \"bidBatchNo\" : null,\n    \"freq\" : null,\n    \"carrierType\" : null,\n    \"equipCateg\" : null,\n    \"wiringMode\" : null,\n    \"barCode\" : \"3530054005400202251135\",\n    \"sampleName\" : \"通信单元\",\n    \"apPreLevel\" : null,\n    \"apConstant\" : null,\n    \"taskNo\" : \"202662391411896\",\n    \"vacStandard\" : null,\n    \"sampleModel\" : \"SC3202H\",\n    \"commProt\" : null,\n    \"bothWayPowerFlag\" : null,\n    \"rpPreLevel\" : null,\n    \"carrierChipManufName\" : null\n  } ]\n}"                            File: Line:0 Function: Type:Debug:
DateTime:2026-08-27 17:39:51.593:------------------------------------                            File: Line:0 Function: Type:Debug:
DateTime:2026-08-27 17:39:51.602:"http://25.86.165.82:30022//Restful/gkReciveVeriEquipDoc"                            File: Line:0 Function: Type:Debug:
DateTime:2026-08-27 17:39:51.609:"postSend: path:/Restful/gkReciveVeriEquipDoc,send:{\"barCode\":\"3530054005400273957424\",\"sysNo\":\"YL-101601\",\"taskNo\":\"202662391411896\"}"                            File: Line:0 Function: Type:Debug:
DateTime:2026-08-27 17:39:51.616:------------------------------------                            File: Line:0 Function: Type:Debug:
DateTime:2026-08-27 17:39:51.624:"postSend: path:/Restful/gkReciveVeriEquipDoc,send:{\"barCode\":\"3530054005400273957424\",\"sysNo\":\"YL-101601\",\"taskNo\":\"202662391411896\"}"                            File: Line:0 Function: Type:Debug:
DateTime:2026-08-27 17:39:51.719:"postReply: path:/Restful/gkReciveVeriEquipDoc,reply:{\n  \"errorInfo\" : \"成功\",\n  \"resultFlag\" : \"1\",\n  \"equipInfoList\" : [ {\n    \"conMode\" : null,\n    \"devType\" : null,\n    \"carrierFreq\" : null,\n    \"rpConstant\" : null,\n    \"manufacturerName\" : null,\n    \"bidBatchNo\" : null,\n    \"freq\" : null,\n    \"carrierType\" : null,\n    \"equipCateg\" : null,\n    \"wiringMode\" : null,\n    \"barCode\" : \"3530054005400273957424\",\n    \"sampleName\" : \"通信单元\",\n    \"apPreLevel\" : null,\n    \"apConstant\" : null,\n    \"taskNo\" : \"202662391411896\",\n    \"vacStandard\" : null,\n    \"sampleModel\" : \"SC3202H\",\n    \"commProt\" : null,\n    \"bothWayPowerFlag\" : null,\n    \"rpPreLevel\" : null,\n    \"carrierChipManufName\" : null\n  } ]\n}"                            File: Line:0 Function: Type:Debug:
DateTime:2026-08-27 17:39:51.741:"postReply: path:/Restful/gkReciveVeriEquipDoc,reply:{\n  \"errorInfo\" : \"成功\",\n  \"resultFlag\" : \"1\",\n  \"equipInfoList\" : [ {\n    \"conMode\" : null,\n    \"devType\" : null,\n    \"carrierFreq\" : null,\n    \"rpConstant\" : null,\n    \"manufacturerName\" : null,\n    \"bidBatchNo\" : null,\n    \"freq\" : null,\n    \"carrierType\" : null,\n    \"equipCateg\" : null,\n    \"wiringMode\" : null,\n    \"barCode\" : \"3530054005400273957424\",\n    \"sampleName\" : \"通信单元\",\n    \"apPreLevel\" : null,\n    \"apConstant\" : null,\n    \"taskNo\" : \"202662391411896\",\n    \"vacStandard\" : null,\n    \"sampleModel\" : \"SC3202H\",\n    \"commProt\" : null,\n    \"bothWayPowerFlag\" : null,\n    \"rpPreLevel\" : null,\n    \"carrierChipManufName\" : null\n  } ]\n}"                            File: Line:0 Function: Type:Debug:
DateTime:2026-08-27 17:39:51.753:------------------------------------                            File: Line:0 Function: Type:Debug:
DateTime:2026-08-27 17:39:51.762:"任务202662391411896,方案详情获取成功,\n任务202662391411896,资产信息获取成功,"                            File: Line:0 Function: Type:Debug:
DateTime:2026-08-27 17:40:07.870:key "表位1"                            File: Line:0 Function: Type:Debug:
DateTime:2026-08-27 17:40:09.573:"设为当前任务,任务号:202662391411896,方案编号:2026020202 ,对应条码:"                            File: Line:0 Function: Type:Debug:
DateTime:2026-08-27 17:40:09.612:"RocketMq上报工况(设备事件):{\"devSeatStatusList\":[{\"barCode\":\"3530054005400202251135_3530054005400273957424\",\"devSeatNo\":\"1\",\"statusCode\":\"02\"}],\"eventTime\":\"2026-08-27 17:40:09\",\"plantEventType\":\"0105\",\"plantNo\":\"YL-101601\",\"taskNo\":\"202662391411896\",\"veriItemParaNo\":\"\"}"                            File: Line:0 Function: Type:Debug:
DateTime:2026-08-27 17:40:09.619:QAbstractSocket::waitForDisconnected() is not allowed in UnconnectedState                            File: Line:0 Function: Type:Warning:
DateTime:2026-08-27 17:40:09.641:"PLANLIST" []已删除                            File: Line:0 Function: Type:Debug:
DateTime:2026-08-27 17:40:10.128:"RocketMq上报工况(设备事件):{\"devSeatStatusList\":[],\"eventTime\":\"2026-08-27 17:40:09\",\"plantEventType\":\"0119\",\"plantNo\":\"YL-101601\",\"taskNo\":\"202662391411896\",\"veriItemParaNo\":\"0801\"}"                            File: Line:0 Function: Type:Debug:
DateTime:2026-08-27 17:40:10.138:QAbstractSocket::waitForDisconnected() is not allowed in UnconnectedState                            File: Line:0 Function: Type:Warning:
DateTime:2026-08-27 17:40:10.646:"RocketMq上报工况(设备事件):{\"devSeatStatusList\":[],\"eventTime\":\"2026-08-27 17:40:09\",\"plantEventType\":\"0119\",\"plantNo\":\"YL-101601\",\"taskNo\":\"202662391411896\",\"veriItemParaNo\":\"0802\"}"                            File: Line:0 Function: Type:Debug:
DateTime:2026-08-27 17:40:10.654:QAbstractSocket::waitForDisconnected() is not allowed in UnconnectedState                            File: Line:0 Function: Type:Warning:
DateTime:2026-08-27 17:40:11.162:"RocketMq上报工况(设备事件):{\"devSeatStatusList\":[],\"eventTime\":\"2026-08-27 17:40:09\",\"plantEventType\":\"0119\",\"plantNo\":\"YL-101601\",\"taskNo\":\"202662391411896\",\"veriItemParaNo\":\"0803\"}"                            File: Line:0 Function: Type:Debug:
DateTime:2026-08-27 17:40:11.173:QAbstractSocket::waitForDisconnected() is not allowed in UnconnectedState                            File: Line:0 Function: Type:Warning:
DateTime:2026-08-27 17:40:20.791:"http://25.86.165.82:30022//Restful/gkReciveVeriSchemeInfo"                            File: Line:0 Function: Type:Debug:
DateTime:2026-08-27 17:40:20.799:"postSend: path:/Restful/gkReciveVeriSchemeInfo,send:{\"schemeNo\":\"2026020202\"}"                            File: Line:0 Function: Type:Debug:
DateTime:2026-08-27 17:40:20.807:------------------------------------                            File: Line:0 Function: Type:Debug:
DateTime:2026-08-27 17:40:20.815:"postSend: path:/Restful/gkReciveVeriSchemeInfo,send:{\"schemeNo\":\"2026020202\"}"                            File: Line:0 Function: Type:Debug:
DateTime:2026-08-27 17:40:20.946:"postReply: path:/Restful/gkReciveVeriSchemeInfo,reply:{\n  \"schemeList\" : [ {\n    \"itemName\" : \"互联互通互操作性试验\",\n    \"itemCode\" : \"0803\",\n    \"paraValue\" : \"0||0|模块信息核对测试||;1||1|初始化命令类检测||;2||2|透明转发类命令检测||;3||3|数据转发类命令检测||;4||4|查询数据类命令检测||;5||5|控制类命令-主节点地址检测||;6||6|控制类命令-从节点主动注册检测||;7||7|控制类命令-模块通信协议模式转换检测||;8||8|控制类命令-本地通信模块串口通信速率协商检测||;9||9|扩展协议数据转发检测||;10||10|预告任务检测||;11||11|智能补采检测||;12||12|定时任务流程测试||;13||13|通用冻结数据检测||;14||14|网口通信检测||;15||15|点抄成功率及数据准确性测试||;16||16|点抄流程测试||;17||17|广播流程测试||;18||18|频段切换测试||;19||19|搜表功能测试||;20||20|停复电事件上报测试||;21||21|相位识别测试||;22||22|一般事件上报测试||;23||23|异常报文测试||;24||24|远程升级测试||;25||25|长报文测试||;26||26|事件上报测试||;27||27|长报文上报测试||;28||28|功耗检测||;29||29|入离网上报测试||;30||30|台区识别测试||;31||31|温度检测||\",\n    \"paraType\" : \"sn|TEST_CATEGORIES|VERI_POINT_NO|PARAM|PARAM_IT_S|TECHNICAL_REQUIRE\",\n    \"paraName\" : \"序号|试验项编号|检测点编号|试验参数|参数分项|执行试验的技术要求\"\n  } ],\n  \"errorInfo\" : \"服务请求成功\",\n  \"resultFlag\" : \"1\"\n}"                            File: Line:0 Function: Type:Debug:
DateTime:2026-08-27 17:40:20.968:"postReply: path:/Restful/gkReciveVeriSchemeInfo,reply:{\n  \"schemeList\" : [ {\n    \"itemName\" : \"互联互通互操作性试验\",\n    \"itemCode\" : \"0803\",\n    \"paraValue\" : \"0||0|模块信息核对测试||;1||1|初始化命令类检测||;2||2|透明转发类命令检测||;3||3|数据转发类命令检测||;4||4|查询数据类命令检测||;5||5|控制类命令-主节点地址检测||;6||6|控制类命令-从节点主动注册检测||;7||7|控制类命令-模块通信协议模式转换检测||;8||8|控制类命令-本地通信模块串口通信速率协商检测||;9||9|扩展协议数据转发检测||;10||10|预告任务检测||;11||11|智能补采检测||;12||12|定时任务流程测试||;13||13|通用冻结数据检测||;14||14|网口通信检测||;15||15|点抄成功率及数据准确性测试||;16||16|点抄流程测试||;17||17|广播流程测试||;18||18|频段切换测试||;19||19|搜表功能测试||;20||20|停复电事件上报测试||;21||21|相位识别测试||;22||22|一般事件上报测试||;23||23|异常报文测试||;24||24|远程升级测试||;25||25|长报文测试||;26||26|事件上报测试||;27||27|长报文上报测试||;28||28|功耗检测||;29||29|入离网上报测试||;30||30|台区识别测试||;31||31|温度检测||\",\n    \"paraType\" : \"sn|TEST_CATEGORIES|VERI_POINT_NO|PARAM|PARAM_IT_S|TECHNICAL_REQUIRE\",\n    \"paraName\" : \"序号|试验项编号|检测点编号|试验参数|参数分项|执行试验的技术要求\"\n  } ],\n  \"errorInfo\" : \"服务请求成功\",\n  \"resultFlag\" : \"1\"\n}"                            File: Line:0 Function: Type:Debug:
DateTime:2026-08-27 17:40:20.979:------------------------------------                            File: Line:0 Function: Type:Debug:
DateTime:2026-08-27 17:40:20.988:"http://25.86.165.82:30022//Restful/gkReciveVeriEquipDoc"                            File: Line:0 Function: Type:Debug:
DateTime:2026-08-27 17:40:20.995:"postSend: path:/Restful/gkReciveVeriEquipDoc,send:{\"barCode\":\"3530054005400202251135\",\"sysNo\":\"YL-101601\",\"taskNo\":\"202662391411896\"}"                            File: Line:0 Function: Type:Debug:
DateTime:2026-08-27 17:40:21.003:------------------------------------                            File: Line:0 Function: Type:Debug:
DateTime:2026-08-27 17:40:21.011:"postSend: path:/Restful/gkReciveVeriEquipDoc,send:{\"barCode\":\"3530054005400202251135\",\"sysNo\":\"YL-101601\",\"taskNo\":\"202662391411896\"}"                            File: Line:0 Function: Type:Debug:
DateTime:2026-08-27 17:40:21.149:"postReply: path:/Restful/gkReciveVeriEquipDoc,reply:{\n  \"errorInfo\" : \"成功\",\n  \"resultFlag\" : \"1\",\n  \"equipInfoList\" : [ {\n    \"conMode\" : null,\n    \"devType\" : null,\n    \"carrierFreq\" : null,\n    \"rpConstant\" : null,\n    \"manufacturerName\" : null,\n    \"bidBatchNo\" : null,\n    \"freq\" : null,\n    \"carrierType\" : null,\n    \"equipCateg\" : null,\n    \"wiringMode\" : null,\n    \"barCode\" : \"3530054005400202251135\",\n    \"sampleName\" : \"通信单元\",\n    \"apPreLevel\" : null,\n    \"apConstant\" : null,\n    \"taskNo\" : \"202662391411896\",\n    \"vacStandard\" : null,\n    \"sampleModel\" : \"SC3202H\",\n    \"commProt\" : null,\n    \"bothWayPowerFlag\" : null,\n    \"rpPreLevel\" : null,\n    \"carrierChipManufName\" : null\n  } ]\n}"                            File: Line:0 Function: Type:Debug:
DateTime:2026-08-27 17:40:21.171:"postReply: path:/Restful/gkReciveVeriEquipDoc,reply:{\n  \"errorInfo\" : \"成功\",\n  \"resultFlag\" : \"1\",\n  \"equipInfoList\" : [ {\n    \"conMode\" : null,\n    \"devType\" : null,\n    \"carrierFreq\" : null,\n    \"rpConstant\" : null,\n    \"manufacturerName\" : null,\n    \"bidBatchNo\" : null,\n    \"freq\" : null,\n    \"carrierType\" : null,\n    \"equipCateg\" : null,\n    \"wiringMode\" : null,\n    \"barCode\" : \"3530054005400202251135\",\n    \"sampleName\" : \"通信单元\",\n    \"apPreLevel\" : null,\n    \"apConstant\" : null,\n    \"taskNo\" : \"202662391411896\",\n    \"vacStandard\" : null,\n    \"sampleModel\" : \"SC3202H\",\n    \"commProt\" : null,\n    \"bothWayPowerFlag\" : null,\n    \"rpPreLevel\" : null,\n    \"carrierChipManufName\" : null\n  } ]\n}"                            File: Line:0 Function: Type:Debug:
DateTime:2026-08-27 17:40:21.183:------------------------------------                            File: Line:0 Function: Type:Debug:
DateTime:2026-08-27 17:40:21.192:"http://25.86.165.82:30022//Restful/gkReciveVeriEquipDoc"                            File: Line:0 Function: Type:Debug:
DateTime:2026-08-27 17:40:21.199:"postSend: path:/Restful/gkReciveVeriEquipDoc,send:{\"barCode\":\"3530054005400273957424\",\"sysNo\":\"YL-101601\",\"taskNo\":\"202662391411896\"}"                            File: Line:0 Function: Type:Debug:
DateTime:2026-08-27 17:40:21.208:------------------------------------                            File: Line:0 Function: Type:Debug:
DateTime:2026-08-27 17:40:21.217:"postSend: path:/Restful/gkReciveVeriEquipDoc,send:{\"barCode\":\"3530054005400273957424\",\"sysNo\":\"YL-101601\",\"taskNo\":\"202662391411896\"}"                            File: Line:0 Function: Type:Debug:
DateTime:2026-08-27 17:40:21.332:"postReply: path:/Restful/gkReciveVeriEquipDoc,reply:{\n  \"errorInfo\" : \"成功\",\n  \"resultFlag\" : \"1\",\n  \"equipInfoList\" : [ {\n    \"conMode\" : null,\n    \"devType\" : null,\n    \"carrierFreq\" : null,\n    \"rpConstant\" : null,\n    \"manufacturerName\" : null,\n    \"bidBatchNo\" : null,\n    \"freq\" : null,\n    \"carrierType\" : null,\n    \"equipCateg\" : null,\n    \"wiringMode\" : null,\n    \"barCode\" : \"3530054005400273957424\",\n    \"sampleName\" : \"通信单元\",\n    \"apPreLevel\" : null,\n    \"apConstant\" : null,\n    \"taskNo\" : \"202662391411896\",\n    \"vacStandard\" : null,\n    \"sampleModel\" : \"SC3202H\",\n    \"commProt\" : null,\n    \"bothWayPowerFlag\" : null,\n    \"rpPreLevel\" : null,\n    \"carrierChipManufName\" : null\n  } ]\n}"                            File: Line:0 Function: Type:Debug:
DateTime:2026-08-27 17:40:21.355:"postReply: path:/Restful/gkReciveVeriEquipDoc,reply:{\n  \"errorInfo\" : \"成功\",\n  \"resultFlag\" : \"1\",\n  \"equipInfoList\" : [ {\n    \"conMode\" : null,\n    \"devType\" : null,\n    \"carrierFreq\" : null,\n    \"rpConstant\" : null,\n    \"manufacturerName\" : null,\n    \"bidBatchNo\" : null,\n    \"freq\" : null,\n    \"carrierType\" : null,\n    \"equipCateg\" : null,\n    \"wiringMode\" : null,\n    \"barCode\" : \"3530054005400273957424\",\n    \"sampleName\" : \"通信单元\",\n    \"apPreLevel\" : null,\n    \"apConstant\" : null,\n    \"taskNo\" : \"202662391411896\",\n    \"vacStandard\" : null,\n    \"sampleModel\" : \"SC3202H\",\n    \"commProt\" : null,\n    \"bothWayPowerFlag\" : null,\n    \"rpPreLevel\" : null,\n    \"carrierChipManufName\" : null\n  } ]\n}"                            File: Line:0 Function: Type:Debug:
DateTime:2026-08-27 17:40:21.368:------------------------------------                            File: Line:0 Function: Type:Debug:
DateTime:2026-08-27 17:40:21.377:"任务202662391411896,方案详情获取成功,\n任务202662391411896,资产信息获取成功,"                            File: Line:0 Function: Type:Debug:
DateTime:2026-08-27 17:40:28.462:key "表位1"                            File: Line:0 Function: Type:Debug:
DateTime:2026-08-27 17:40:30.724:"设为当前任务,任务号:202662391411896,方案编号:2026020202 ,对应条码:"                            File: Line:0 Function: Type:Debug:
DateTime:2026-08-27 17:40:30.742:"RocketMq上报工况(设备事件):{\"devSeatStatusList\":[{\"barCode\":\"3530054005400202251135_3530054005400273957424\",\"devSeatNo\":\"1\",\"statusCode\":\"02\"}],\"eventTime\":\"2026-08-27 17:40:30\",\"plantEventType\":\"0105\",\"plantNo\":\"YL-101601\",\"taskNo\":\"202662391411896\",\"veriItemParaNo\":\"\"}"                            File: Line:0 Function: Type:Debug:
DateTime:2026-08-27 17:40:30.748:QAbstractSocket::waitForDisconnected() is not allowed in UnconnectedState                            File: Line:0 Function: Type:Warning:
DateTime:2026-08-27 17:40:30.778:"PLANLIST" []已删除                            File: Line:0 Function: Type:Debug:
DateTime:2026-08-27 17:40:31.255:"RocketMq上报工况(设备事件):{\"devSeatStatusList\":[],\"eventTime\":\"2026-08-27 17:40:30\",\"plantEventType\":\"0119\",\"plantNo\":\"YL-101601\",\"taskNo\":\"202662391411896\",\"veriItemParaNo\":\"0801\"}"                            File: Line:0 Function: Type:Debug:
DateTime:2026-08-27 17:40:31.265:QAbstractSocket::waitForDisconnected() is not allowed in UnconnectedState                            File: Line:0 Function: Type:Warning:
DateTime:2026-08-27 17:40:31.773:"RocketMq上报工况(设备事件):{\"devSeatStatusList\":[],\"eventTime\":\"2026-08-27 17:40:30\",\"plantEventType\":\"0119\",\"plantNo\":\"YL-101601\",\"taskNo\":\"202662391411896\",\"veriItemParaNo\":\"0802\"}"                            File: Line:0 Function: Type:Debug:
DateTime:2026-08-27 17:40:31.783:QAbstractSocket::waitForDisconnected() is not allowed in UnconnectedState                            File: Line:0 Function: Type:Warning:
DateTime:2026-08-27 17:40:32.290:"RocketMq上报工况(设备事件):{\"devSeatStatusList\":[],\"eventTime\":\"2026-08-27 17:40:30\",\"plantEventType\":\"0119\",\"plantNo\":\"YL-101601\",\"taskNo\":\"202662391411896\",\"veriItemParaNo\":\"0803\"}"                            File: Line:0 Function: Type:Debug:
DateTime:2026-08-27 17:40:32.300:QAbstractSocket::waitForDisconnected() is not allowed in UnconnectedState                            File: Line:0 Function: Type:Warning:
DateTime:2026-08-27 17:40:54.247:"http://25.86.165.82:30022//Restful/gkReciveVeriSchemeInfo"                            File: Line:0 Function: Type:Debug:
DateTime:2026-08-27 17:40:54.255:"postSend: path:/Restful/gkReciveVeriSchemeInfo,send:{\"schemeNo\":\"2026020202\"}"                            File: Line:0 Function: Type:Debug:
DateTime:2026-08-27 17:40:54.262:------------------------------------                            File: Line:0 Function: Type:Debug:
DateTime:2026-08-27 17:40:54.269:"postSend: path:/Restful/gkReciveVeriSchemeInfo,send:{\"schemeNo\":\"2026020202\"}"                            File: Line:0 Function: Type:Debug:
DateTime:2026-08-27 17:40:54.326:"postReply: path:/Restful/gkReciveVeriSchemeInfo,reply:{\n  \"schemeList\" : [ {\n    \"itemName\" : \"互联互通互操作性试验\",\n    \"itemCode\" : \"0803\",\n    \"paraValue\" : \"0||0|模块信息核对测试||;1||1|初始化命令类检测||;2||2|透明转发类命令检测||;3||3|数据转发类命令检测||;4||4|查询数据类命令检测||;5||5|控制类命令-主节点地址检测||;6||6|控制类命令-从节点主动注册检测||;7||7|控制类命令-模块通信协议模式转换检测||;8||8|控制类命令-本地通信模块串口通信速率协商检测||;9||9|扩展协议数据转发检测||;10||10|预告任务检测||;11||11|智能补采检测||;12||12|定时任务流程测试||;13||13|通用冻结数据检测||;14||14|网口通信检测||;15||15|点抄成功率及数据准确性测试||;16||16|点抄流程测试||;17||17|广播流程测试||;18||18|频段切换测试||;19||19|搜表功能测试||;20||20|停复电事件上报测试||;21||21|相位识别测试||;22||22|一般事件上报测试||;23||23|异常报文测试||;24||24|远程升级测试||;25||25|长报文测试||;26||26|事件上报测试||;27||27|长报文上报测试||;28||28|功耗检测||;29||29|入离网上报测试||;30||30|台区识别测试||;31||31|温度检测||\",\n    \"paraType\" : \"sn|TEST_CATEGORIES|VERI_POINT_NO|PARAM|PARAM_IT_S|TECHNICAL_REQUIRE\",\n    \"paraName\" : \"序号|试验项编号|检测点编号|试验参数|参数分项|执行试验的技术要求\"\n  } ],\n  \"errorInfo\" : \"服务请求成功\",\n  \"resultFlag\" : \"1\"\n}"                            File: Line:0 Function: Type:Debug:
DateTime:2026-08-27 17:40:54.335:"postReply: path:/Restful/gkReciveVeriSchemeInfo,reply:{\n  \"schemeList\" : [ {\n    \"itemName\" : \"互联互通互操作性试验\",\n    \"itemCode\" : \"0803\",\n    \"paraValue\" : \"0||0|模块信息核对测试||;1||1|初始化命令类检测||;2||2|透明转发类命令检测||;3||3|数据转发类命令检测||;4||4|查询数据类命令检测||;5||5|控制类命令-主节点地址检测||;6||6|控制类命令-从节点主动注册检测||;7||7|控制类命令-模块通信协议模式转换检测||;8||8|控制类命令-本地通信模块串口通信速率协商检测||;9||9|扩展协议数据转发检测||;10||10|预告任务检测||;11||11|智能补采检测||;12||12|定时任务流程测试||;13||13|通用冻结数据检测||;14||14|网口通信检测||;15||15|点抄成功率及数据准确性测试||;16||16|点抄流程测试||;17||17|广播流程测试||;18||18|频段切换测试||;19||19|搜表功能测试||;20||20|停复电事件上报测试||;21||21|相位识别测试||;22||22|一般事件上报测试||;23||23|异常报文测试||;24||24|远程升级测试||;25||25|长报文测试||;26||26|事件上报测试||;27||27|长报文上报测试||;28||28|功耗检测||;29||29|入离网上报测试||;30||30|台区识别测试||;31||31|温度检测||\",\n    \"paraType\" : \"sn|TEST_CATEGORIES|VERI_POINT_NO|PARAM|PARAM_IT_S|TECHNICAL_REQUIRE\",\n    \"paraName\" : \"序号|试验项编号|检测点编号|试验参数|参数分项|执行试验的技术要求\"\n  } ],\n  \"errorInfo\" : \"服务请求成功\",\n  \"resultFlag\" : \"1\"\n}"                            File: Line:0 Function: Type:Debug:
DateTime:2026-08-27 17:40:54.341:------------------------------------                            File: Line:0 Function: Type:Debug:
DateTime:2026-08-27 17:40:54.348:"http://25.86.165.82:30022//Restful/gkReciveVeriEquipDoc"                            File: Line:0 Function: Type:Debug:
DateTime:2026-08-27 17:40:54.355:"postSend: path:/Restful/gkReciveVeriEquipDoc,send:{\"barCode\":\"3530054005400202251135\",\"sysNo\":\"YL-101601\",\"taskNo\":\"202662391411896\"}"                            File: Line:0 Function: Type:Debug:
DateTime:2026-08-27 17:40:54.361:------------------------------------                            File: Line:0 Function: Type:Debug:
DateTime:2026-08-27 17:40:54.367:"postSend: path:/Restful/gkReciveVeriEquipDoc,send:{\"barCode\":\"3530054005400202251135\",\"sysNo\":\"YL-101601\",\"taskNo\":\"202662391411896\"}"                            File: Line:0 Function: Type:Debug:
DateTime:2026-08-27 17:41:38.912:数据库页面析构完成                            File: Line:0 Function: Type:Debug:
DateTime:2026-08-27 17:41:38.920:PageScan析构                            File: Line:0 Function: Type:Debug:
DateTime:2026-08-27 17:41:41.188:QPixmap::scaled: Pixmap is a null pixmap                            File: Line:0 Function: Type:Warning:
DateTime:2026-08-27 17:41:41.196:QPixmap::scaled: Pixmap is a null pixmap                            File: Line:0 Function: Type:Warning:
DateTime:2026-08-27 17:41:41.204:QPixmap::scaled: Pixmap is a null pixmap                            File: Line:0 Function: Type:Warning:
DateTime:2026-08-27 17:41:41.211:QPixmap::scaled: Pixmap is a null pixmap                            File: Line:0 Function: Type:Warning:
DateTime:2026-08-27 17:41:41.255:数据库建立表格 "CREATE TABLE TIME_PASS_RATE ('时间' TEXT,'类型' TEXT,'总数量' TEXT,'直通数量' TEXT,'直通率' TEXT,PRIMARY KEY('时间','类型'));"                            File: Line:0 Function: Type:Debug:
DateTime:2026-08-27 17:41:41.261:QSqlError("1", "Unable to execute statement", "table TIME_PASS_RATE already exists")                            File: Line:0 Function: Type:Debug:
DateTime:2026-08-27 17:41:41.267:"CREATE TRIGGER limitNum  AFTER INSERT ON DATA_SAVE WHEN (SELECT COUNT( * ) FROM DATA_SAVE ) > 10000 BEGIN DELETE FROM DATA_SAVE WHERE 时间 in (SELECT 时间 FROM DATA_SAVE ORDER BY 时间); END;"                            File: Line:0 Function: Type:Debug:
DateTime:2026-08-27 17:41:41.274:QSqlError("1", "Unable to execute statement", "no such table: main.DATA_SAVE")                            File: Line:0 Function: Type:Debug:
DateTime:2026-08-27 17:41:41.280:"SELECT id, round_id, meter_index, product, main_project, sub_project, pass, result, data, timestamp FROM TestResult ORDER BY timestamp DESC"                            File: Line:0 Function: Type:Debug:
DateTime:2026-08-27 17:41:41.305:QObject::moveToThread: Widgets cannot be moved to a new thread                            File: Line:0 Function: Type:Warning:
DateTime:2026-08-27 17:41:41.323:QMetaObject::connectSlotsByName: No matching signal for on_cb_isTestIai_stateChanged(int)                            File: Line:0 Function: Type:Warning:
DateTime:2026-08-27 17:41:41.330:数据库建立表格 "CREATE TABLE TASK_LIST ('状态' TEXT,'任务号' TEXT,'任务优先级' TEXT,'任务类型' TEXT,'设备类别' TEXT,'样品数量' TEXT,'试验方案编号' TEXT,'复测标识' TEXT,'复测项目' TEXT,'试验方案名称' TEXT,'试验方案更新时间' TEXT,'样品条码' TEXT,PRIMARY KEY('任务号'));"                            File: Line:0 Function: Type:Debug:
DateTime:2026-08-27 17:41:41.337:QSqlError("1", "Unable to execute statement", "table TASK_LIST already exists")                            File: Line:0 Function: Type:Debug:
DateTime:2026-08-27 17:41:41.343:数据库建立表格 "CREATE TABLE TASK_CONTROL ('状态' TEXT,'任务号' TEXT,'控制时间' TEXT,'设备编号' TEXT,'任务控制指令类型' TEXT,'控制详情' TEXT,'试验项目编码' TEXT,'唯一标识' TEXT,PRIMARY KEY('唯一标识'));"                            File: Line:0 Function: Type:Debug:
DateTime:2026-08-27 17:41:41.349:QSqlError("1", "Unable to execute statement", "table TASK_CONTROL already exists")                            File: Line:0 Function: Type:Debug:
DateTime:2026-08-27 17:41:41.354:数据库建立表格 "CREATE TABLE SYSTEM_CONTROL ('设备编号' TEXT,'控制时间' TEXT,'系统控制指令类型' TEXT,'唯一标识' TEXT,PRIMARY KEY('唯一标识'));"                            File: Line:0 Function: Type:Debug:
DateTime:2026-08-27 17:41:41.360:QSqlError("1", "Unable to execute statement", "table SYSTEM_CONTROL already exists")                            File: Line:0 Function: Type:Debug:
DateTime:2026-08-27 17:41:41.368:UploadControl初始化成功                            File: Line:0 Function: Type:Debug:
DateTime:2026-08-27 17:41:41.380:显示控制中心                            File: Line:0 Function: Type:Debug:
DateTime:2026-08-27 17:41:41.573:"本地RocketMq生产者初始化失败,连接前置机127.0.0.1:9093失败,请检查"                            File: Line:0 Function: Type:Debug:
DateTime:2026-08-27 17:41:41.875:HttpListener: Listening on port 11234                            File: Line:0 Function: Type:Debug:
DateTime:2026-08-27 17:41:41.881:工况:8.1上报开机事件                            File: Line:0 Function: Type:Debug:
DateTime:2026-08-27 17:41:41.887:web服务器开启成功                            File: Line:0 Function: Type:Debug:
DateTime:2026-08-27 17:41:41.893:"RocketMq上报工况(设备事件):{\"devSeatStatusList\":[],\"eventTime\":\"2026-08-27 17:41:41\",\"plantEventType\":\"0101\",\"plantNo\":\"YL-101601\",\"taskNo\":\"\",\"veriItemParaNo\":\"\"}"                            File: Line:0 Function: Type:Debug:
DateTime:2026-08-27 17:41:41.899:QAbstractSocket::waitForDisconnected() is not allowed in UnconnectedState                            File: Line:0 Function: Type:Warning:
DateTime:2026-08-27 17:41:42.380:工况:8.9上报主控程序通电开机检查结果                            File: Line:0 Function: Type:Debug:
DateTime:2026-08-27 17:41:42.471:"RocketMq上报工况(开机检查结果):{\"checkConc\":\"01\",\"checkData\":\"启动成功\",\"detectSn\":\"1\",\"finishTime\":\"2026-08-27 17:41:42\",\"itemName\":\"主控程序通电\",\"itemNo\":\"0203\",\"itemType\":\"02\",\"plantNo\":\"YL-101601\",\"plantWarnList\":[],\"startTime\":\"2026-08-27 17:41:42\"}"                            File: Line:0 Function: Type:Debug:
DateTime:2026-08-27 17:41:42.481:QAbstractSocket::waitForDisconnected() is not allowed in UnconnectedState                            File: Line:0 Function: Type:Warning:
DateTime:2026-08-27 17:41:42.880:工况:8.1上报开始预热事件                            File: Line:0 Function: Type:Debug:
DateTime:2026-08-27 17:41:43.046:"RocketMq上报工况(设备事件):{\"devSeatStatusList\":[],\"eventTime\":\"2026-08-27 17:41:42\",\"plantEventType\":\"0103\",\"plantNo\":\"YL-101601\",\"taskNo\":\"\",\"veriItemParaNo\":\"\"}"                            File: Line:0 Function: Type:Debug:
DateTime:2026-08-27 17:41:43.056:QAbstractSocket::waitForDisconnected() is not allowed in UnconnectedState                            File: Line:0 Function: Type:Warning:
DateTime:2026-08-27 17:41:43.374:工况:8.3设置工作状态为预热                            File: Line:0 Function: Type:Debug:
DateTime:2026-08-27 17:41:43.630:"RocketMq上报工况(设备工作状态信息):{\"curWkStatusCode\":\"01\",\"plantNo\":\"YL-101601\",\"previousState\":\"03\",\"receiveTime\":\"2026-08-27 17:41:43\",\"startTime\":\"2026-08-27 17:41:43\"}"                            File: Line:0 Function: Type:Debug:
DateTime:2026-08-27 17:41:43.639:QAbstractSocket::waitForDisconnected() is not allowed in UnconnectedState                            File: Line:0 Function: Type:Warning:
DateTime:2026-08-27 17:41:43.878:工况:8.1上报结束预热事件                            File: Line:0 Function: Type:Debug:
DateTime:2026-08-27 17:41:44.203:"RocketMq上报工况(设备事件):{\"devSeatStatusList\":[],\"eventTime\":\"2026-08-27 17:41:43\",\"plantEventType\":\"0104\",\"plantNo\":\"YL-101601\",\"taskNo\":\"\",\"veriItemParaNo\":\"\"}"                            File: Line:0 Function: Type:Debug:
DateTime:2026-08-27 17:41:44.213:QAbstractSocket::waitForDisconnected() is not allowed in UnconnectedState                            File: Line:0 Function: Type:Warning:
DateTime:2026-08-27 17:41:44.374:工况:8.3设置工作状态为空闲                            File: Line:0 Function: Type:Debug:
DateTime:2026-08-27 17:41:44.781:"RocketMq上报工况(设备工作状态信息):{\"curWkStatusCode\":\"02\",\"plantNo\":\"YL-101601\",\"previousState\":\"01\",\"receiveTime\":\"2026-08-27 17:41:44\",\"startTime\":\"2026-08-27 17:41:44\"}"                            File: Line:0 Function: Type:Debug:
DateTime:2026-08-27 17:41:44.791:QAbstractSocket::waitForDisconnected() is not allowed in UnconnectedState                            File: Line:0 Function: Type:Warning:
DateTime:2026-08-27 17:41:45.359:"RocketMq上报工况(日志信息):{\"logInfo\":\"系统初始化完成\",\"logTime\":\"2026-08-27 17:41:44\",\"machNo\":\"\",\"plantNo\":\"YL-101601\"}"                            File: Line:0 Function: Type:Debug:
DateTime:2026-08-27 17:41:45.369:QAbstractSocket::waitForDisconnected() is not allowed in UnconnectedState                            File: Line:0 Function: Type:Warning:
DateTime:2026-08-27 17:41:47.182:显示工控平台                            File: Line:0 Function: Type:Debug:
DateTime:2026-08-27 17:41:56.383:"http://25.86.165.82:30022//Restful/gkReciveVeriSchemeInfo"                            File: Line:0 Function: Type:Debug:
DateTime:2026-08-27 17:41:56.392:"postSend: path:/Restful/gkReciveVeriSchemeInfo,send:{\"schemeNo\":\"2026020202\"}"                            File: Line:0 Function: Type:Debug:
DateTime:2026-08-27 17:41:56.399:------------------------------------                            File: Line:0 Function: Type:Debug:
DateTime:2026-08-27 17:41:56.405:"postSend: path:/Restful/gkReciveVeriSchemeInfo,send:{\"schemeNo\":\"2026020202\"}"                            File: Line:0 Function: Type:Debug:
DateTime:2026-08-27 17:41:56.565:"postReply: path:/Restful/gkReciveVeriSchemeInfo,reply:{\n  \"schemeList\" : [ {\n    \"itemName\" : \"互联互通互操作性试验\",\n    \"itemCode\" : \"0803\",\n    \"paraValue\" : \"0||0|模块信息核对测试||;1||1|初始化命令类检测||;2||2|透明转发类命令检测||;3||3|数据转发类命令检测||;4||4|查询数据类命令检测||;5||5|控制类命令-主节点地址检测||;6||6|控制类命令-从节点主动注册检测||;7||7|控制类命令-模块通信协议模式转换检测||;8||8|控制类命令-本地通信模块串口通信速率协商检测||;9||9|扩展协议数据转发检测||;10||10|预告任务检测||;11||11|智能补采检测||;12||12|定时任务流程测试||;13||13|通用冻结数据检测||;14||14|网口通信检测||;15||15|点抄成功率及数据准确性测试||;16||16|点抄流程测试||;17||17|广播流程测试||;18||18|频段切换测试||;19||19|搜表功能测试||;20||20|停复电事件上报测试||;21||21|相位识别测试||;22||22|一般事件上报测试||;23||23|异常报文测试||;24||24|远程升级测试||;25||25|长报文测试||;26||26|事件上报测试||;27||27|长报文上报测试||;28||28|功耗检测||;29||29|入离网上报测试||;30||30|台区识别测试||;31||31|温度检测||\",\n    \"paraType\" : \"sn|TEST_CATEGORIES|VERI_POINT_NO|PARAM|PARAM_IT_S|TECHNICAL_REQUIRE\",\n    \"paraName\" : \"序号|试验项编号|检测点编号|试验参数|参数分项|执行试验的技术要求\"\n  } ],\n  \"errorInfo\" : \"服务请求成功\",\n  \"resultFlag\" : \"1\"\n}"                            File: Line:0 Function: Type:Debug:
DateTime:2026-08-27 17:41:56.586:"postReply: path:/Restful/gkReciveVeriSchemeInfo,reply:{\n  \"schemeList\" : [ {\n    \"itemName\" : \"互联互通互操作性试验\",\n    \"itemCode\" : \"0803\",\n    \"paraValue\" : \"0||0|模块信息核对测试||;1||1|初始化命令类检测||;2||2|透明转发类命令检测||;3||3|数据转发类命令检测||;4||4|查询数据类命令检测||;5||5|控制类命令-主节点地址检测||;6||6|控制类命令-从节点主动注册检测||;7||7|控制类命令-模块通信协议模式转换检测||;8||8|控制类命令-本地通信模块串口通信速率协商检测||;9||9|扩展协议数据转发检测||;10||10|预告任务检测||;11||11|智能补采检测||;12||12|定时任务流程测试||;13||13|通用冻结数据检测||;14||14|网口通信检测||;15||15|点抄成功率及数据准确性测试||;16||16|点抄流程测试||;17||17|广播流程测试||;18||18|频段切换测试||;19||19|搜表功能测试||;20||20|停复电事件上报测试||;21||21|相位识别测试||;22||22|一般事件上报测试||;23||23|异常报文测试||;24||24|远程升级测试||;25||25|长报文测试||;26||26|事件上报测试||;27||27|长报文上报测试||;28||28|功耗检测||;29||29|入离网上报测试||;30||30|台区识别测试||;31||31|温度检测||\",\n    \"paraType\" : \"sn|TEST_CATEGORIES|VERI_POINT_NO|PARAM|PARAM_IT_S|TECHNICAL_REQUIRE\",\n    \"paraName\" : \"序号|试验项编号|检测点编号|试验参数|参数分项|执行试验的技术要求\"\n  } ],\n  \"errorInfo\" : \"服务请求成功\",\n  \"resultFlag\" : \"1\"\n}"                            File: Line:0 Function: Type:Debug:
DateTime:2026-08-27 17:41:56.598:------------------------------------                            File: Line:0 Function: Type:Debug:
DateTime:2026-08-27 17:41:56.606:"http://25.86.165.82:30022//Restful/gkReciveVeriEquipDoc"                            File: Line:0 Function: Type:Debug:
DateTime:2026-08-27 17:41:56.613:"postSend: path:/Restful/gkReciveVeriEquipDoc,send:{\"barCode\":\"3530054005400202251135\",\"sysNo\":\"YL-101601\",\"taskNo\":\"202662391411896\"}"                            File: Line:0 Function: Type:Debug:
DateTime:2026-08-27 17:41:56.619:------------------------------------                            File: Line:0 Function: Type:Debug:
DateTime:2026-08-27 17:41:56.625:"postSend: path:/Restful/gkReciveVeriEquipDoc,send:{\"barCode\":\"3530054005400202251135\",\"sysNo\":\"YL-101601\",\"taskNo\":\"202662391411896\"}"                            File: Line:0 Function: Type:Debug:
DateTime:2026-08-27 17:41:56.717:"postReply: path:/Restful/gkReciveVeriEquipDoc,reply:{\n  \"errorInfo\" : \"成功\",\n  \"resultFlag\" : \"1\",\n  \"equipInfoList\" : [ {\n    \"conMode\" : null,\n    \"devType\" : null,\n    \"carrierFreq\" : null,\n    \"rpConstant\" : null,\n    \"manufacturerName\" : null,\n    \"bidBatchNo\" : null,\n    \"freq\" : null,\n    \"carrierType\" : null,\n    \"equipCateg\" : null,\n    \"wiringMode\" : null,\n    \"barCode\" : \"3530054005400202251135\",\n    \"sampleName\" : \"通信单元\",\n    \"apPreLevel\" : null,\n    \"apConstant\" : null,\n    \"taskNo\" : \"202662391411896\",\n    \"vacStandard\" : null,\n    \"sampleModel\" : \"SC3202H\",\n    \"commProt\" : null,\n    \"bothWayPowerFlag\" : null,\n    \"rpPreLevel\" : null,\n    \"carrierChipManufName\" : null\n  } ]\n}"                            File: Line:0 Function: Type:Debug:
DateTime:2026-08-27 17:41:56.739:"postReply: path:/Restful/gkReciveVeriEquipDoc,reply:{\n  \"errorInfo\" : \"成功\",\n  \"resultFlag\" : \"1\",\n  \"equipInfoList\" : [ {\n    \"conMode\" : null,\n    \"devType\" : null,\n    \"carrierFreq\" : null,\n    \"rpConstant\" : null,\n    \"manufacturerName\" : null,\n    \"bidBatchNo\" : null,\n    \"freq\" : null,\n    \"carrierType\" : null,\n    \"equipCateg\" : null,\n    \"wiringMode\" : null,\n    \"barCode\" : \"3530054005400202251135\",\n    \"sampleName\" : \"通信单元\",\n    \"apPreLevel\" : null,\n    \"apConstant\" : null,\n    \"taskNo\" : \"202662391411896\",\n    \"vacStandard\" : null,\n    \"sampleModel\" : \"SC3202H\",\n    \"commProt\" : null,\n    \"bothWayPowerFlag\" : null,\n    \"rpPreLevel\" : null,\n    \"carrierChipManufName\" : null\n  } ]\n}"                            File: Line:0 Function: Type:Debug:
DateTime:2026-08-27 17:41:56.752:------------------------------------                            File: Line:0 Function: Type:Debug:
DateTime:2026-08-27 17:41:56.762:"http://25.86.165.82:30022//Restful/gkReciveVeriEquipDoc"                            File: Line:0 Function: Type:Debug:
DateTime:2026-08-27 17:41:56.769:"postSend: path:/Restful/gkReciveVeriEquipDoc,send:{\"barCode\":\"3530054005400273957424\",\"sysNo\":\"YL-101601\",\"taskNo\":\"202662391411896\"}"                            File: Line:0 Function: Type:Debug:
DateTime:2026-08-27 17:41:56.775:------------------------------------                            File: Line:0 Function: Type:Debug:
DateTime:2026-08-27 17:41:56.781:"postSend: path:/Restful/gkReciveVeriEquipDoc,send:{\"barCode\":\"3530054005400273957424\",\"sysNo\":\"YL-101601\",\"taskNo\":\"202662391411896\"}"                            File: Line:0 Function: Type:Debug:
DateTime:2026-08-27 17:41:56.902:"postReply: path:/Restful/gkReciveVeriEquipDoc,reply:{\n  \"errorInfo\" : \"成功\",\n  \"resultFlag\" : \"1\",\n  \"equipInfoList\" : [ {\n    \"conMode\" : null,\n    \"devType\" : null,\n    \"carrierFreq\" : null,\n    \"rpConstant\" : null,\n    \"manufacturerName\" : null,\n    \"bidBatchNo\" : null,\n    \"freq\" : null,\n    \"carrierType\" : null,\n    \"equipCateg\" : null,\n    \"wiringMode\" : null,\n    \"barCode\" : \"3530054005400273957424\",\n    \"sampleName\" : \"通信单元\",\n    \"apPreLevel\" : null,\n    \"apConstant\" : null,\n    \"taskNo\" : \"202662391411896\",\n    \"vacStandard\" : null,\n    \"sampleModel\" : \"SC3202H\",\n    \"commProt\" : null,\n    \"bothWayPowerFlag\" : null,\n    \"rpPreLevel\" : null,\n    \"carrierChipManufName\" : null\n  } ]\n}"                            File: Line:0 Function: Type:Debug:
DateTime:2026-08-27 17:41:56.924:"postReply: path:/Restful/gkReciveVeriEquipDoc,reply:{\n  \"errorInfo\" : \"成功\",\n  \"resultFlag\" : \"1\",\n  \"equipInfoList\" : [ {\n    \"conMode\" : null,\n    \"devType\" : null,\n    \"carrierFreq\" : null,\n    \"rpConstant\" : null,\n    \"manufacturerName\" : null,\n    \"bidBatchNo\" : null,\n    \"freq\" : null,\n    \"carrierType\" : null,\n    \"equipCateg\" : null,\n    \"wiringMode\" : null,\n    \"barCode\" : \"3530054005400273957424\",\n    \"sampleName\" : \"通信单元\",\n    \"apPreLevel\" : null,\n    \"apConstant\" : null,\n    \"taskNo\" : \"202662391411896\",\n    \"vacStandard\" : null,\n    \"sampleModel\" : \"SC3202H\",\n    \"commProt\" : null,\n    \"bothWayPowerFlag\" : null,\n    \"rpPreLevel\" : null,\n    \"carrierChipManufName\" : null\n  } ]\n}"                            File: Line:0 Function: Type:Debug:
DateTime:2026-08-27 17:41:56.936:------------------------------------                            File: Line:0 Function: Type:Debug:
DateTime:2026-08-27 17:41:56.945:"任务202662391411896,方案详情获取成功,\n任务202662391411896,资产信息获取成功,"                            File: Line:0 Function: Type:Debug:
DateTime:2026-08-27 17:42:08.750:key "表位1"                            File: Line:0 Function: Type:Debug:
DateTime:2026-08-27 17:42:08.759:itemCode "表位1" barcodeList ("3530054005400202251135")                            File: Line:0 Function: Type:Debug:
DateTime:2026-08-27 17:42:08.768:"设为当前任务,任务号:202662391411896,方案编号:2026020202 ,对应条码:表位1-3530054005400202251135;"                            File: Line:0 Function: Type:Debug:
DateTime:2026-08-27 17:42:08.821:"PLANLIST" []已删除                            File: Line:0 Function: Type:Debug:
DateTime:2026-08-27 17:42:08.827:"RocketMq上报工况(设备事件):{\"devSeatStatusList\":[{\"barCode\":\"3530054005400202251135_3530054005400273957424\",\"devSeatNo\":\"1\",\"statusCode\":\"02\"}],\"eventTime\":\"2026-08-27 17:42:08\",\"plantEventType\":\"0105\",\"plantNo\":\"YL-101601\",\"taskNo\":\"202662391411896\",\"veriItemParaNo\":\"\"}"                            File: Line:0 Function: Type:Debug:
DateTime:2026-08-27 17:42:08.835:QAbstractSocket::waitForDisconnected() is not allowed in UnconnectedState                            File: Line:0 Function: Type:Warning:
DateTime:2026-08-27 17:42:09.343:"RocketMq上报工况(设备事件):{\"devSeatStatusList\":[],\"eventTime\":\"2026-08-27 17:42:08\",\"plantEventType\":\"0119\",\"plantNo\":\"YL-101601\",\"taskNo\":\"202662391411896\",\"veriItemParaNo\":\"0801\"}"                            File: Line:0 Function: Type:Debug:
DateTime:2026-08-27 17:42:09.353:QAbstractSocket::waitForDisconnected() is not allowed in UnconnectedState                            File: Line:0 Function: Type:Warning:
DateTime:2026-08-27 17:42:09.859:"RocketMq上报工况(设备事件):{\"devSeatStatusList\":[],\"eventTime\":\"2026-08-27 17:42:08\",\"plantEventType\":\"0119\",\"plantNo\":\"YL-101601\",\"taskNo\":\"202662391411896\",\"veriItemParaNo\":\"0802\"}"                            File: Line:0 Function: Type:Debug:
DateTime:2026-08-27 17:42:09.866:QAbstractSocket::waitForDisconnected() is not allowed in UnconnectedState                            File: Line:0 Function: Type:Warning:
DateTime:2026-08-27 17:42:10.373:"RocketMq上报工况(设备事件):{\"devSeatStatusList\":[],\"eventTime\":\"2026-08-27 17:42:08\",\"plantEventType\":\"0119\",\"plantNo\":\"YL-101601\",\"taskNo\":\"202662391411896\",\"veriItemParaNo\":\"0803\"}"                            File: Line:0 Function: Type:Debug:
DateTime:2026-08-27 17:42:10.383:QAbstractSocket::waitForDisconnected() is not allowed in UnconnectedState                            File: Line:0 Function: Type:Warning:
DateTime:2026-08-27 17:43:01.854:"PLANLIST" []已删除                            File: Line:0 Function: Type:Debug:
DateTime:2026-08-27 17:43:10.230:"PLANLIST" []已删除                            File: Line:0 Function: Type:Debug:
DateTime:2026-08-27 17:43:21.982:"PLANLIST" []已删除                            File: Line:0 Function: Type:Debug:
DateTime:2026-08-27 17:43:53.214:"PLANLIST" []已删除                            File: Line:0 Function: Type:Debug:
DateTime:2026-08-27 17:43:57.789:"CCO的波特率为2"                            File: Line:0 Function: Type:Debug:
DateTime:2026-08-27 17:43:57.796:m_SimuCoor1_IP "192.168.6.101" m_SimuCoor1_IPandPort "192.168.6.101;4001"                            File: Line:0 Function: Type:Debug:
DateTime:2026-08-27 17:43:57.802:m_SimuCoor2_IP "192.168.6.102" m_SimuCoor2_IPandPort "192.168.6.102;4001"                            File: Line:0 Function: Type:Debug:
DateTime:2026-08-27 17:43:57.808:m_SimuCoor3_IP "192.168.6.103" m_SimuCoor3_IPandPort "192.168.6.103;4001"                            File: Line:0 Function: Type:Debug:
DateTime:2026-08-27 17:43:57.814:m_SimuCoor4_IP "192.168.6.105" m_SimuCoor4_IPandPort "192.168.6.105;4001"                            File: Line:0 Function: Type:Debug:
DateTime:2026-08-27 17:43:57.825:"当前工作模式为:集中器路由"                            File: Line:0 Function: Type:Debug:
DateTime:2026-08-27 17:43:57.831:"开始执行工作流程"                            File: Line:0 Function: Type:Debug:
DateTime:2026-08-27 17:43:57.837:"-----------------------------"                            File: Line:0 Function: Type:Debug:
DateTime:2026-08-27 17:43:57.845:"=============执行【开启测试项日志】==================="                            File: Line:0 Function: Type:Debug:
DateTime:2026-08-27 17:52:15.618:"=========【关闭测试项日志】结束=========="                            File: Line:0 Function: Type:Debug:
DateTime:2026-08-27 17:52:15.624:"-----------------------------"                            File: Line:0 Function: Type:Debug:
DateTime:2026-08-27 17:52:15.630:"=============执行【开启测试项日志】==================="                            File: Line:0 Function: Type:Debug:
DateTime:2026-08-27 18:03:03.503:"=========【关闭测试项日志】结束=========="                            File: Line:0 Function: Type:Debug:
DateTime:2026-08-27 18:03:03.511:"-----------------------------"                            File: Line:0 Function: Type:Debug:
DateTime:2026-08-27 18:03:03.518:"=============执行【开启测试项日志】==================="                            File: Line:0 Function: Type:Debug:
DateTime:2026-08-27 18:29:16.952:"=========【关闭测试项日志】结束=========="                            File: Line:0 Function: Type:Debug:
DateTime:2026-08-27 18:29:16.958:"-----------------------------"                            File: Line:0 Function: Type:Debug:
DateTime:2026-08-27 18:29:16.964:"=============执行【开启测试项日志】==================="                            File: Line:0 Function: Type:Debug:
DateTime:2026-08-27 18:52:38.339:"=========【关闭测试项日志】结束=========="                            File: Line:0 Function: Type:Debug:
DateTime:2026-08-27 18:52:38.345:"-----------------------------"                            File: Line:0 Function: Type:Debug:
DateTime:2026-08-27 18:52:38.352:"=============执行【开启测试项日志】==================="                            File: Line:0 Function: Type:Debug:
DateTime:2026-08-27 18:52:38.524:"=========【关闭测试项日志】结束=========="                            File: Line:0 Function: Type:Debug:
DateTime:2026-08-27 18:52:38.535:"-----------------------------"                            File: Line:0 Function: Type:Debug:
DateTime:2026-08-27 18:52:38.545:"=============执行【开启测试项日志】==================="                            File: Line:0 Function: Type:Debug:
DateTime:2026-08-27 18:52:38.698:"=========【关闭测试项日志】结束=========="                            File: Line:0 Function: Type:Debug:
DateTime:2026-08-27 18:52:38.705:"-----------------------------"                            File: Line:0 Function: Type:Debug:
DateTime:2026-08-27 18:52:38.711:"=============执行【开启测试项日志】==================="                            File: Line:0 Function: Type:Debug:
DateTime:2026-08-27 18:52:38.879:"=========【关闭测试项日志】结束=========="                            File: Line:0 Function: Type:Debug:
DateTime:2026-08-27 18:52:38.890:"-----------------------------"                            File: Line:0 Function: Type:Debug:
DateTime:2026-08-27 18:52:38.900:"=============执行【开启测试项日志】==================="                            File: Line:0 Function: Type:Debug:
DateTime:2026-08-27 18:52:39.055:"=========【关闭测试项日志】结束=========="                            File: Line:0 Function: Type:Debug:
DateTime:2026-08-27 18:52:39.061:"-----------------------------"                            File: Line:0 Function: Type:Debug:
DateTime:2026-08-27 18:52:39.067:"=============执行【开启测试项日志】==================="                            File: Line:0 Function: Type:Debug:
DateTime:2026-08-27 18:52:39.226:"=========【关闭测试项日志】结束=========="                            File: Line:0 Function: Type:Debug:
DateTime:2026-08-27 18:52:39.235:"-----------------------------"                            File: Line:0 Function: Type:Debug:
DateTime:2026-08-27 18:52:39.244:"=============执行【开启测试项日志】==================="                            File: Line:0 Function: Type:Debug:
DateTime:2026-08-27 18:52:39.379:"=========【关闭测试项日志】结束=========="                            File: Line:0 Function: Type:Debug:
DateTime:2026-08-27 18:52:39.388:"-----------------------------"                            File: Line:0 Function: Type:Debug:
DateTime:2026-08-27 18:52:39.395:"=============执行【开启测试项日志】==================="                            File: Line:0 Function: Type:Debug:
DateTime:2026-08-27 18:52:39.578:"=========【关闭测试项日志】结束=========="                            File: Line:0 Function: Type:Debug:
DateTime:2026-08-27 18:52:39.589:"-----------------------------"                            File: Line:0 Function: Type:Debug:
DateTime:2026-08-27 18:52:39.599:"-----------------------------"                            File: Line:0 Function: Type:Debug:
DateTime:2026-08-27 18:52:39.606:"工作流程执行结束"                            File: Line:0 Function: Type:Debug:
DateTime:2026-08-27 18:52:39.971:"工作状态变更,当前状态:空闲"                            File: Line:0 Function: Type:Debug:
DateTime:2026-08-27 18:52:40.031:"RocketMq上报工况(设备工作状态信息):{\"curWkStatusCode\":\"02\",\"plantNo\":\"YL-101601\",\"previousState\":\"04\",\"receiveTime\":\"2026-08-27 18:52:39\",\"startTime\":\"2026-08-27 18:52:39\"}"                            File: Line:0 Function: Type:Debug:
DateTime:2026-08-27 18:52:40.039:QAbstractSocket::waitForDisconnected() is not allowed in UnconnectedState                            File: Line:0 Function: Type:Warning:
